// Jest Snapshot v1, https://goo.gl/fbAQLP

exports[`Test Account component Should match snapshot 1`] = `
<div>
  <span>
    Account
  </span>
  <span
    aria-label="robot"
    role="img"
  >
    ðŸ¤–
  </span>
  <span>
    one1el...gcvy
  </span>
</div>
`;
